/home/rimuru/Downloads/Antigravity/SIH_Pototype/ml/compare_runtimes.py:26: DeprecationWarning: You are using the legacy TorchScript-based ONNX export. Starting in PyTorch 2.9, the new torch.export-based ONNX exporter has become the default. Learn more about the new export logic: https://docs.pytorch.org/docs/stable/onnx_export.html. For exporting control flow: https://pytorch.org/tutorials/beginner/onnx/export_control_flow_model_to_onnx_tutorial.html
  path=out/'tcn-random.onnx';torch.onnx.export(model,x,str(path),input_names=['imu'],output_names=['residual'],opset_version=17,dynamo=False)
/home/rimuru/Downloads/Antigravity/SIH_Pototype/.local-tools/ml-venv/lib/python3.12/site-packages/torch/onnx/_internal/torchscript_exporter/jit_utils.py:305: UserWarning: Constant folding - Only steps=1 can be constant folded for opset >= 10 onnx::Slice op. Constant folding not applied. (Triggered internally at /pytorch/torch/csrc/jit/passes/onnx/constant_fold.cpp:178.)
  _C._jit_pass_onnx_node_shape_type_inference(node, params_dict, opset_version)
/home/rimuru/Downloads/Antigravity/SIH_Pototype/.local-tools/ml-venv/lib/python3.12/site-packages/torch/onnx/_internal/torchscript_exporter/utils.py:714: UserWarning: Constant folding - Only steps=1 can be constant folded for opset >= 10 onnx::Slice op. Constant folding not applied. (Triggered internally at /pytorch/torch/csrc/jit/passes/onnx/constant_fold.cpp:178.)
  _C._jit_pass_onnx_graph_shape_type_inference(
/home/rimuru/Downloads/Antigravity/SIH_Pototype/.local-tools/ml-venv/lib/python3.12/site-packages/torch/onnx/_internal/torchscript_exporter/utils.py:1186: UserWarning: Constant folding - Only steps=1 can be constant folded for opset >= 10 onnx::Slice op. Constant folding not applied. (Triggered internally at /pytorch/torch/csrc/jit/passes/onnx/constant_fold.cpp:178.)
  _C._jit_pass_onnx_graph_shape_type_inference(
{
  "runtime": "onnx",
  "weights": "fresh random, untrained",
  "parameters": 49665,
  "inputShape": [
    1,
    6,
    231
  ],
  "outputShape": [
    1,
    1
  ],
  "jsParityMaxAbsDifference": 2.8559741793721116e-09,
  "numericTolerance": 1e-05,
  "onAndroidDevice": "UNTESTED",
  "runtimeDecision": "reserved for user/team",
  "operators": [
    "Add",
    "Cast",
    "Concat",
    "Constant",
    "ConstantOfShape",
    "Conv",
    "Gather",
    "Pad",
    "Reshape",
    "Slice",
    "Tanh",
    "Transpose"
  ],
  "runtimeVersion": "1.23.2",
  "exportVersion": "1.19.1",
  "status": "converted_and_desktop_cpu_executed",
  "maxAbsDifference": 0.0,
  "artifact": ".local-tools/runtime-comparison/tcn-random.onnx",
  "torchVersion": "2.10.0+cpu"
}
