To honour the JVM settings for this build a single-use Daemon process will be forked. For more on this, please refer to https://docs.gradle.org/8.9/userguide/gradle_daemon.html#sec:disabling_the_daemon in the Gradle documentation.
Daemon will be stopped at the end of the build 
WARNING: platform-tools package is not installed.
> Task :navigation:checkKotlinGradlePluginConfigurationErrors SKIPPED
> Task :app:preBuild UP-TO-DATE
> Task :app:preDebugBuild UP-TO-DATE
> Task :app:mergeDebugNativeDebugMetadata NO-SOURCE
> Task :app:checkKotlinGradlePluginConfigurationErrors SKIPPED
> Task :app:checkDebugAarMetadata UP-TO-DATE
> Task :app:generateDebugResValues UP-TO-DATE
> Task :app:mapDebugSourceSetPaths UP-TO-DATE
> Task :app:generateDebugResources UP-TO-DATE
> Task :app:mergeDebugResources UP-TO-DATE
> Task :app:packageDebugResources UP-TO-DATE
> Task :app:parseDebugLocalResources UP-TO-DATE
> Task :app:createDebugCompatibleScreenManifests UP-TO-DATE
> Task :app:extractDeepLinksDebug UP-TO-DATE
> Task :app:processDebugMainManifest UP-TO-DATE
> Task :app:processDebugManifest UP-TO-DATE
> Task :app:processDebugManifestForPackage UP-TO-DATE
> Task :app:processDebugResources UP-TO-DATE
> Task :app:javaPreCompileDebug UP-TO-DATE
> Task :app:mergeDebugShaders UP-TO-DATE
> Task :app:compileDebugShaders NO-SOURCE
> Task :app:generateDebugAssets UP-TO-DATE
> Task :app:mergeDebugAssets UP-TO-DATE
> Task :app:compressDebugAssets UP-TO-DATE
> Task :app:desugarDebugFileDependencies UP-TO-DATE
> Task :app:checkDebugDuplicateClasses UP-TO-DATE
> Task :app:mergeExtDexDebug UP-TO-DATE
> Task :app:mergeDebugJniLibFolders UP-TO-DATE
> Task :app:validateSigningDebug UP-TO-DATE
> Task :app:writeDebugAppMetadata UP-TO-DATE
> Task :app:writeDebugSigningConfigVersions UP-TO-DATE
> Task :app:preDebugAndroidTestBuild SKIPPED
> Task :app:generateDebugAndroidTestResValues UP-TO-DATE
> Task :app:extractProguardFiles UP-TO-DATE
> Task :app:preDebugUnitTestBuild UP-TO-DATE
> Task :navigation:processResources NO-SOURCE
> Task :navigation:processTestResources UP-TO-DATE
> Task :navigation:compileKotlin
> Task :navigation:compileJava NO-SOURCE
> Task :navigation:classes UP-TO-DATE
> Task :navigation:jar
> Task :navigation:compileTestKotlin
> Task :navigation:compileTestJava NO-SOURCE
> Task :navigation:testClasses UP-TO-DATE

> Task :navigation:test

BrowserParityTest > matchesBrowserStateAndFullCovarianceOnReviewedFixture PASSED

GnssBufferTest > rejectsFutureMeasurementsAndBoundsPendingQueue PASSED

GnssBufferTest > clearPreventsMaskLeakageAndOldDuplicateReentry PASSED

GnssBufferTest > futureCallbackDoesNotHideEarlierAvailableFix PASSED

GnssBufferTest > expiryAndStaleObservationAreDistinctFromFixCadence PASSED

ImuSynchronizerTest > arrivalOrderDoesNotChangeAValidPair PASSED

ImuSynchronizerTest > boundsPendingDataWhenGyroStops PASSED

ImuSynchronizerTest > waitsForWatermarkAndUsesOnlyPastGyro PASSED

ImuSynchronizerTest > dropsStaleMissingAndOutOfOrderSamplesVisibly PASSED

NavigationEngineTest > acceptedPositionIsFilteredRatherThanBypassingCovarianceUpdate PASSED

NavigationEngineTest > mountTransformsGravityAndClockwiseYaw PASSED

NavigationEngineTest > josephCovarianceRemainsSymmetricPositiveUnderRepeatedUpdates PASSED

NavigationEngineTest > sensorGapInvalidatesUntilFreshMovingFix PASSED

NavigationEngineTest > expiresLongOutageAndCanReinitializeAtNewOrigin PASSED

NavigationEngineTest > delayedInitializationPropagatesToMeasurementTime PASSED

NavigationEngineTest > integratesTenSecondOutageWithoutReferenceOrNetwork PASSED

NavigationEngineTest > requiresMovingCourseRatherThanInventingNorth PASSED

NavigationEngineTest > rejectedOutlierDoesNotTeleportSelectedOutputOrResetOutageAge PASSED

NavigationEngineTest > aQueuedPreGapFixCannotReinitializeAnInvalidTrajectory PASSED

NavigationEngineTest > staleFutureDuplicateAndMockFixesCannotInitialize PASSED

NavigationEngineTest > rejectsDuplicateImuTime PASSED

SessionCatalogTest > historicalSelectionAndIncompleteLabel PASSED

SessionJournalTest > storageLimitLeavesExplicitIncompleteSession PASSED

SessionJournalTest > preventsSessionPathTraversal PASSED

SessionJournalTest > streamsFinalizesAndRejectsLateWrites PASSED

> Task :navigation:startScripts
> Task :navigation:installDist
> Task :app:mergeLibDexDebug
> Task :app:mergeDebugNativeLibs NO-SOURCE
> Task :app:stripDebugDebugSymbols NO-SOURCE
> Task :app:compileDebugKotlin
> Task :app:compileDebugJavaWithJavac NO-SOURCE
> Task :app:dexBuilderDebug
> Task :app:mergeDebugGlobalSynthetics UP-TO-DATE
> Task :app:processDebugJavaRes UP-TO-DATE
> Task :app:mergeProjectDexDebug
> Task :app:bundleDebugClassesToCompileJar
> Task :app:mergeDebugJavaResource
> Task :app:generateDebugAndroidTestLintModel
> Task :app:generateDebugLintReportModel
> Task :app:generateDebugUnitTestLintModel
> Task :app:packageDebug
> Task :app:createDebugApkListingFileRedirect UP-TO-DATE
> Task :app:assembleDebug
> Task :app:lintAnalyzeDebugAndroidTest
> Task :app:lintAnalyzeDebugUnitTest
> Task :app:lintAnalyzeDebug

> Task :app:lintReportDebug
Wrote HTML report to file:///home/rimuru/Downloads/Antigravity/SIH_Pototype/native/android/app/build/reports/lint-results-debug.html

> Task :app:lintDebug

BUILD SUCCESSFUL in 30s
51 actionable tasks: 21 executed, 30 up-to-date
