To honour the JVM settings for this build a single-use Daemon process will be forked. For more on this, please refer to https://docs.gradle.org/8.9/userguide/gradle_daemon.html#sec:disabling_the_daemon in the Gradle documentation.
Daemon will be stopped at the end of the build 
> Task :navigation:checkKotlinGradlePluginConfigurationErrors SKIPPED
> Task :navigation:processResources NO-SOURCE
> Task :navigation:processTestResources UP-TO-DATE
> Task :navigation:compileKotlin
> Task :navigation:compileJava NO-SOURCE
> Task :navigation:classes UP-TO-DATE
> Task :navigation:jar
> Task :navigation:compileTestKotlin
> Task :navigation:startScripts
> Task :navigation:compileTestJava NO-SOURCE
> Task :navigation:testClasses UP-TO-DATE

> Task :navigation:test

BrowserParityTest > matchesBrowserStateAndFullCovarianceOnReviewedFixture PASSED

GnssBufferTest > rejectsFutureMeasurementsAndBoundsPendingQueue PASSED

GnssBufferTest > clearPreventsMaskLeakageAndOldDuplicateReentry PASSED

GnssBufferTest > futureCallbackDoesNotHideEarlierAvailableFix PASSED

GnssBufferTest > expiryAndStaleObservationAreDistinctFromFixCadence PASSED

ImuSynchronizerTest > arrivalOrderDoesNotChangeAValidPair PASSED

ImuSynchronizerTest > boundsPendingDataWhenGyroStops PASSED

ImuSynchronizerTest > waitsForWatermarkAndUsesOnlyPastGyro PASSED

ImuSynchronizerTest > dropsStaleMissingAndOutOfOrderSamplesVisibly PASSED

NavigationEngineTest > acceptedPositionIsFilteredRatherThanBypassingCovarianceUpdate PASSED

NavigationEngineTest > mountTransformsGravityAndClockwiseYaw PASSED

NavigationEngineTest > josephCovarianceRemainsSymmetricPositiveUnderRepeatedUpdates PASSED

NavigationEngineTest > sensorGapInvalidatesUntilFreshMovingFix PASSED

NavigationEngineTest > expiresLongOutageAndCanReinitializeAtNewOrigin PASSED

NavigationEngineTest > delayedInitializationPropagatesToMeasurementTime PASSED

NavigationEngineTest > integratesTenSecondOutageWithoutReferenceOrNetwork PASSED

NavigationEngineTest > requiresMovingCourseRatherThanInventingNorth PASSED

NavigationEngineTest > rejectedOutlierDoesNotTeleportSelectedOutputOrResetOutageAge PASSED

NavigationEngineTest > aQueuedPreGapFixCannotReinitializeAnInvalidTrajectory PASSED

NavigationEngineTest > staleFutureDuplicateAndMockFixesCannotInitialize PASSED

NavigationEngineTest > rejectsDuplicateImuTime PASSED

SessionJournalTest > storageLimitLeavesExplicitIncompleteSession PASSED

SessionJournalTest > preventsSessionPathTraversal PASSED

SessionJournalTest > streamsFinalizesAndRejectsLateWrites PASSED

> Task :navigation:installDist

BUILD SUCCESSFUL in 13s
7 actionable tasks: 6 executed, 1 up-to-date
