{"status": "completed", "synthetic": true, "optimizerSteps": 2, "checkpoint": "/tmp/navdr-ml-toy-79ezpqxv/toy.pt", "realDataTraining": false}
{
  "status": "PASS",
  "syntheticOnly": true,
  "realDataTraining": false,
  "splitStatus": "DRAFT_REQUIRES_USER_REVIEW",
  "tripCount": 6,
  "checks": [
    "whole trips grouped before windows",
    "shared vehicle never crosses splits",
    "transitive shared phone/route links preserved",
    "deliberate group leakage rejected",
    "normalization matches train rows only",
    "two CPU optimizer steps",
    "held-out dev entry point executes",
    "checkpoint reload identical",
    "49665 parameters"
  ],
  "devWindowsExecuted": 8
}
DRAFT TOY SPLIT (not a real-data split):
toy-1-0 v1 p1-0 r1-0 test
toy-1-1 v1 p1-1 r1-1 test
toy-0-0 v0 p0-0 r0-0 dev
toy-0-1 v0 p0-1 r0-1 dev
toy-2-0 v2 p2-0 r2-0 train
toy-2-1 v2 p2-1 r2-1 train
